2026-10-04 06:22:22,759 router INFO app-level link telemetry -> 127.0.0.1:50053
2026-10-04 06:22:22,767 router INFO router: http :8080 grpc :50052 kv_cache=True
2026-10-04 06:22:45,254 router INFO pipeline gen=1: vm2[0,28)
2026-10-04 06:22:52,349 router INFO pipeline gen=2: vm2[0,17) -> vm3[17,28)
2026-10-04 06:23:19,500 router INFO pipeline gen=3: vm2[0,27) -> vm3[27,28)
2026-10-04 06:23:27,341 router INFO app-level link telemetry -> 127.0.0.1:50053
2026-10-04 06:23:27,354 router INFO router: http :8080 grpc :50052 kv_cache=True
2026-10-04 06:23:30,337 router INFO pipeline gen=1: vm2[0,28)
2026-10-04 06:23:33,697 router INFO pipeline gen=2: vm2[0,20) -> vm3[20,28)
2026-10-04 06:24:31,090 router INFO app-level link telemetry -> 127.0.0.1:50053
2026-10-04 06:24:31,103 router INFO router: http :8080 grpc :50052 kv_cache=True
2026-10-04 06:24:35,510 router INFO pipeline gen=1: vm2[0,19) -> vm3[19,28)
2026-10-04 06:25:43,813 router INFO pipeline gen=2: vm2[0,27) -> vm3[27,28)
2026-10-04 06:27:44,336 router INFO pipeline gen=3: vm2[0,22) -> vm3[22,28)
2026-10-04 06:29:09,414 router INFO app-level link telemetry -> 127.0.0.1:50053
2026-10-04 06:29:09,424 router INFO router: http :8080 grpc :50052 kv_cache=True
2026-10-04 06:29:39,275 router INFO pipeline gen=1: vm2[0,18) -> vm3[18,28)
2026-10-04 06:30:48,695 router INFO pipeline gen=2: vm2[0,28)
2026-10-04 06:31:29,632 router INFO app-level link telemetry -> 127.0.0.1:50053
2026-10-04 06:31:29,653 router INFO router: http :8080 grpc :50052 kv_cache=True
2026-10-04 06:31:42,017 router INFO pipeline gen=1: vm2[0,14) -> vm3[14,28)
2026-10-04 06:33:14,637 router INFO pipeline gen=2: vm2[0,19) -> vm3[19,28)
2026-10-04 06:35:55,906 router INFO app-level link telemetry -> 127.0.0.1:50053
2026-10-04 06:35:55,919 router INFO router: http :8080 grpc :50052 kv_cache=True
2026-10-04 06:36:02,696 router INFO pipeline gen=1: vm2[0,28)
2026-10-04 06:36:28,102 router INFO pipeline gen=2: vm2[0,18) -> vm3[18,28)
2026-10-04 06:37:42,537 router INFO pipeline gen=3: vm2[0,25) -> vm3[25,28)
2026-10-04 06:39:32,596 router INFO pipeline gen=4: vm2[0,19) -> vm3[19,28)
2026-10-04 06:40:43,664 router INFO app-level link telemetry -> 127.0.0.1:50053
2026-10-04 06:40:43,676 router INFO router: http :8080 grpc :50052 kv_cache=True
2026-10-04 06:40:51,811 router INFO pipeline gen=1: vm2[0,18) -> vm3[18,28)
2026-10-04 06:41:58,395 router INFO pipeline gen=2: vm2[0,28)
2026-10-04 06:44:23,871 router INFO pipeline gen=3: vm2[0,18) -> vm3[18,28)
2026-10-04 06:44:59,342 router INFO app-level link telemetry -> 127.0.0.1:50053
2026-10-04 06:44:59,357 router INFO router: http :8080 grpc :50052 kv_cache=True
2026-10-04 06:45:30,197 router INFO pipeline gen=1: vm2[0,19) -> vm3[19,28)
2026-10-04 06:46:46,808 router INFO pipeline gen=2: vm2[0,28)
2026-10-04 07:26:31,838 router INFO app-level link telemetry -> 127.0.0.1:50053
2026-10-04 07:27:23,944 router INFO router: http :8080 grpc :50052 kv_cache=True
2026-10-04 08:18:10,737 router INFO app-level link telemetry -> 127.0.0.1:50053
2026-10-04 08:18:10,764 router INFO router: http :8080 grpc :50052 kv_cache=True
2026-10-04 08:18:41,309 router INFO pipeline gen=1: vm2[0,18) -> vm3[18,28)
2026-10-04 08:22:49,384 router INFO app-level link telemetry -> 127.0.0.1:50053
2026-10-04 08:22:49,406 router INFO router: http :8080 grpc :50052 kv_cache=True
2026-10-04 08:22:51,272 router INFO pipeline gen=1: vm2[0,18) -> vm3[18,28)
2026-10-04 08:26:58,727 router INFO app-level link telemetry -> 127.0.0.1:50053
2026-10-04 08:26:58,738 router INFO router: http :8080 grpc :50052 kv_cache=True
2026-10-04 08:27:02,614 router INFO pipeline gen=1: vm2[0,18) -> vm3[18,28)
2026-10-04 08:27:51,503 router ERROR generate failed
Traceback (most recent call last):
  File "/home/azureuser/ebpf-/worker/router.py", line 358, in do_POST
    self._send(200, generate(input_ids, max_new_tokens))
  File "/home/azureuser/ebpf-/worker/router.py", line 319, in _send
    self.wfile.write(body)
  File "/usr/lib/python3.12/socketserver.py", line 840, in write
    self._sock.sendall(b)
BrokenPipeError: [Errno 32] Broken pipe
----------------------------------------
Exception occurred during processing of request from ('127.0.0.1', 42958)
Traceback (most recent call last):
  File "/home/azureuser/ebpf-/worker/router.py", line 358, in do_POST
    self._send(200, generate(input_ids, max_new_tokens))
  File "/home/azureuser/ebpf-/worker/router.py", line 319, in _send
    self.wfile.write(body)
  File "/usr/lib/python3.12/socketserver.py", line 840, in write
    self._sock.sendall(b)
BrokenPipeError: [Errno 32] Broken pipe

During handling of the above exception, another exception occurred:

Traceback (most recent call last):
  File "/usr/lib/python3.12/socketserver.py", line 692, in process_request_thread
    self.finish_request(request, client_address)
  File "/usr/lib/python3.12/socketserver.py", line 362, in finish_request
    self.RequestHandlerClass(request, client_address, self)
  File "/usr/lib/python3.12/socketserver.py", line 761, in __init__
    self.handle()
  File "/usr/lib/python3.12/http/server.py", line 436, in handle
    self.handle_one_request()
  File "/usr/lib/python3.12/http/server.py", line 424, in handle_one_request
    method()
  File "/home/azureuser/ebpf-/worker/router.py", line 363, in do_POST
    self._send(500, {"error": str(e)})
  File "/home/azureuser/ebpf-/worker/router.py", line 318, in _send
    self.end_headers()
  File "/usr/lib/python3.12/http/server.py", line 538, in end_headers
    self.flush_headers()
  File "/usr/lib/python3.12/http/server.py", line 542, in flush_headers
    self.wfile.write(b"".join(self._headers_buffer))
  File "/usr/lib/python3.12/socketserver.py", line 840, in write
    self._sock.sendall(b)
BrokenPipeError: [Errno 32] Broken pipe
----------------------------------------
2026-10-04 08:27:51,624 router ERROR generate failed
Traceback (most recent call last):
  File "/home/azureuser/ebpf-/worker/router.py", line 358, in do_POST
    self._send(200, generate(input_ids, max_new_tokens))
  File "/home/azureuser/ebpf-/worker/router.py", line 319, in _send
    self.wfile.write(body)
  File "/usr/lib/python3.12/socketserver.py", line 840, in write
    self._sock.sendall(b)
BrokenPipeError: [Errno 32] Broken pipe
----------------------------------------
Exception occurred during processing of request from ('127.0.0.1', 42962)
Traceback (most recent call last):
  File "/home/azureuser/ebpf-/worker/router.py", line 358, in do_POST
    self._send(200, generate(input_ids, max_new_tokens))
  File "/home/azureuser/ebpf-/worker/router.py", line 319, in _send
    self.wfile.write(body)
  File "/usr/lib/python3.12/socketserver.py", line 840, in write
    self._sock.sendall(b)
BrokenPipeError: [Errno 32] Broken pipe

During handling of the above exception, another exception occurred:

Traceback (most recent call last):
  File "/usr/lib/python3.12/socketserver.py", line 692, in process_request_thread
    self.finish_request(request, client_address)
  File "/usr/lib/python3.12/socketserver.py", line 362, in finish_request
    self.RequestHandlerClass(request, client_address, self)
  File "/usr/lib/python3.12/socketserver.py", line 761, in __init__
    self.handle()
  File "/usr/lib/python3.12/http/server.py", line 436, in handle
    self.handle_one_request()
  File "/usr/lib/python3.12/http/server.py", line 424, in handle_one_request
    method()
  File "/home/azureuser/ebpf-/worker/router.py", line 363, in do_POST
    self._send(500, {"error": str(e)})
  File "/home/azureuser/ebpf-/worker/router.py", line 318, in _send
    self.end_headers()
  File "/usr/lib/python3.12/http/server.py", line 538, in end_headers
    self.flush_headers()
  File "/usr/lib/python3.12/http/server.py", line 542, in flush_headers
    self.wfile.write(b"".join(self._headers_buffer))
  File "/usr/lib/python3.12/socketserver.py", line 840, in write
    self._sock.sendall(b)
BrokenPipeError: [Errno 32] Broken pipe
----------------------------------------
2026-10-04 08:28:27,175 router INFO app-level link telemetry -> 127.0.0.1:50053
2026-10-04 08:28:27,185 router INFO router: http :8080 grpc :50052 kv_cache=True
2026-10-04 08:28:29,052 router INFO pipeline gen=1: vm2[0,18) -> vm3[18,28)
2026-10-04 08:32:27,553 router INFO app-level link telemetry -> 127.0.0.1:50053
2026-10-04 08:32:27,565 router INFO router: http :8080 grpc :50052 kv_cache=True
2026-10-04 08:32:32,784 router INFO pipeline gen=1: vm2[0,19) -> vm3[19,28)
2026-10-04 08:33:37,730 router INFO pipeline gen=2: vm2[0,23) -> vm3[23,28)
2026-10-04 08:35:51,549 router INFO pipeline gen=3: vm2[0,18) -> vm3[18,28)
2026-10-04 08:36:42,405 router INFO app-level link telemetry -> 127.0.0.1:50053
2026-10-04 08:36:42,424 router INFO router: http :8080 grpc :50052 kv_cache=True
2026-10-04 08:36:44,295 router INFO pipeline gen=1: vm2[0,18) -> vm3[18,28)
2026-10-04 08:40:56,714 router INFO app-level link telemetry -> 127.0.0.1:50053
2026-10-04 08:40:56,729 router INFO router: http :8080 grpc :50052 kv_cache=True
2026-10-04 08:41:01,940 router INFO pipeline gen=1: vm2[0,19) -> vm3[19,28)
2026-10-04 08:42:04,090 router INFO pipeline gen=2: vm2[0,27) -> vm3[27,28)
2026-10-04 08:44:06,129 router INFO pipeline gen=3: vm2[0,20) -> vm3[20,28)
2026-10-04 08:45:10,471 router INFO app-level link telemetry -> 127.0.0.1:50053
2026-10-04 08:45:10,481 router INFO router: http :8080 grpc :50052 kv_cache=True
2026-10-04 08:45:15,660 router INFO pipeline gen=1: vm2[0,19) -> vm3[19,28)
2026-10-04 08:46:17,738 router INFO pipeline gen=2: vm2[0,27) -> vm3[27,28)
2026-10-04 08:47:54,091 router INFO pipeline gen=3: vm2[0,28)
2026-10-04 08:47:56,051 router INFO pipeline gen=4: vm2[0,27) -> vm3[27,28)
2026-10-04 08:48:29,888 router INFO pipeline gen=5: vm2[0,19) -> vm3[19,28)
2026-10-04 08:49:29,226 router INFO app-level link telemetry -> 127.0.0.1:50053
2026-10-04 08:49:29,234 router INFO router: http :8080 grpc :50052 kv_cache=True
2026-10-04 08:49:34,443 router INFO pipeline gen=1: vm2[0,18) -> vm3[18,28)
2026-10-04 08:53:33,730 router INFO app-level link telemetry -> 127.0.0.1:50053
2026-10-04 08:53:33,739 router INFO router: http :8080 grpc :50052 kv_cache=True
2026-10-04 08:53:37,532 router INFO pipeline gen=1: vm2[0,28)
2026-10-04 08:53:41,016 router INFO pipeline gen=2: vm2[0,19) -> vm3[19,28)
2026-10-04 08:54:45,860 router INFO pipeline gen=3: vm2[0,24) -> vm3[24,28)
2026-10-04 08:56:45,146 router INFO pipeline gen=4: vm2[0,19) -> vm3[19,28)
2026-10-04 08:57:42,351 router INFO app-level link telemetry -> 127.0.0.1:50053
2026-10-04 08:57:42,371 router INFO router: http :8080 grpc :50052 kv_cache=True
2026-10-04 08:57:47,580 router INFO pipeline gen=1: vm2[0,18) -> vm3[18,28)
2026-10-04 08:58:52,514 router INFO pipeline gen=2: vm2[0,23) -> vm3[23,28)
2026-10-04 09:01:59,702 router INFO app-level link telemetry -> 127.0.0.1:50053
2026-10-04 09:01:59,713 router INFO router: http :8080 grpc :50052 kv_cache=True
2026-10-04 09:02:05,017 router INFO pipeline gen=1: vm2[0,18) -> vm3[18,28)
2026-10-04 09:03:09,818 router INFO pipeline gen=2: vm2[0,23) -> vm3[23,28)
2026-10-04 09:05:09,103 router INFO pipeline gen=3: vm2[0,19) -> vm3[19,28)
2026-10-04 09:06:11,775 router INFO app-level link telemetry -> 127.0.0.1:50053
2026-10-04 09:06:11,785 router INFO router: http :8080 grpc :50052 kv_cache=True
2026-10-04 09:06:17,010 router INFO pipeline gen=1: vm2[0,18) -> vm3[18,28)
2026-10-04 09:07:19,131 router INFO pipeline gen=2: vm2[0,27) -> vm3[27,28)
2026-10-04 09:09:21,290 router INFO pipeline gen=3: vm2[0,19) -> vm3[19,28)
2026-10-04 09:10:23,097 router INFO app-level link telemetry -> 127.0.0.1:50053
2026-10-04 09:10:23,108 router INFO router: http :8080 grpc :50052 kv_cache=True
2026-10-04 09:10:28,311 router INFO pipeline gen=1: vm2[0,18) -> vm3[18,28)
2026-10-04 09:11:30,512 router INFO pipeline gen=2: vm2[0,26) -> vm3[26,28)
2026-10-04 09:13:32,442 router INFO pipeline gen=3: vm2[0,19) -> vm3[19,28)
2026-10-04 09:14:33,362 router INFO app-level link telemetry -> 127.0.0.1:50053
2026-10-04 09:14:33,373 router INFO router: http :8080 grpc :50052 kv_cache=True
2026-10-04 09:14:38,572 router INFO pipeline gen=1: vm2[0,18) -> vm3[18,28)
2026-10-04 09:15:43,425 router INFO pipeline gen=2: vm2[0,23) -> vm3[23,28)
2026-10-04 09:17:42,637 router INFO pipeline gen=3: vm2[0,19) -> vm3[19,28)
2026-10-04 09:17:55,263 router INFO pipeline gen=4: vm2[0,28)
2026-10-04 09:17:58,648 router INFO pipeline gen=5: vm2[0,18) -> vm3[18,28)
2026-10-04 09:18:53,136 router INFO app-level link telemetry -> 127.0.0.1:50053
2026-10-04 09:18:53,147 router INFO router: http :8080 grpc :50052 kv_cache=True
2026-10-04 09:18:58,422 router INFO pipeline gen=1: vm2[0,19) -> vm3[19,28)
2026-10-04 09:20:03,229 router INFO pipeline gen=2: vm2[0,23) -> vm3[23,28)
2026-10-04 09:22:00,519 router INFO pipeline gen=3: vm2[0,19) -> vm3[19,28)
2026-10-04 09:23:05,613 router INFO app-level link telemetry -> 127.0.0.1:50053
2026-10-04 09:23:05,623 router INFO router: http :8080 grpc :50052 kv_cache=True
2026-10-04 09:23:10,840 router INFO pipeline gen=1: vm2[0,18) -> vm3[18,28)
2026-10-04 09:24:15,623 router INFO pipeline gen=2: vm2[0,23) -> vm3[23,28)
2026-10-04 09:26:15,010 router INFO pipeline gen=3: vm2[0,19) -> vm3[19,28)
2026-10-04 09:27:16,858 router INFO app-level link telemetry -> 127.0.0.1:50053
2026-10-04 09:27:16,868 router INFO router: http :8080 grpc :50052 kv_cache=True
2026-10-04 09:27:24,095 router INFO pipeline gen=1: vm2[0,18) -> vm3[18,28)
2026-10-04 09:31:34,754 router INFO app-level link telemetry -> 127.0.0.1:50053
2026-10-04 09:31:34,765 router INFO router: http :8080 grpc :50052 kv_cache=True
2026-10-04 09:31:40,089 router INFO pipeline gen=1: vm2[0,19) -> vm3[19,28)
2026-10-04 09:32:44,749 router INFO pipeline gen=2: vm2[0,23) -> vm3[23,28)
2026-10-04 09:34:44,182 router INFO pipeline gen=3: vm2[0,18) -> vm3[18,28)
2026-10-04 09:35:45,267 router INFO app-level link telemetry -> 127.0.0.1:50053
2026-10-04 09:35:45,277 router INFO router: http :8080 grpc :50052 kv_cache=True
2026-10-04 09:35:50,532 router INFO pipeline gen=1: vm2[0,19) -> vm3[19,28)
2026-10-04 09:36:52,580 router INFO pipeline gen=2: vm2[0,26) -> vm3[26,28)
2026-10-04 09:38:54,714 router INFO pipeline gen=3: vm2[0,19) -> vm3[19,28)
2026-10-04 09:39:56,530 router INFO app-level link telemetry -> 127.0.0.1:50053
2026-10-04 09:39:56,542 router INFO router: http :8080 grpc :50052 kv_cache=True
2026-10-04 09:40:01,760 router INFO pipeline gen=1: vm2[0,18) -> vm3[18,28)
2026-10-04 09:41:03,896 router INFO pipeline gen=2: vm2[0,27) -> vm3[27,28)
2026-10-04 09:43:06,036 router INFO pipeline gen=3: vm2[0,19) -> vm3[19,28)
2026-10-04 09:44:10,624 router INFO app-level link telemetry -> 127.0.0.1:50053
2026-10-04 09:44:10,650 router INFO router: http :8080 grpc :50052 kv_cache=True
2026-10-04 09:44:12,515 router INFO pipeline gen=1: vm2[0,19) -> vm3[19,28)
2026-10-04 09:45:18,645 router INFO pipeline gen=2: vm2[0,24) -> vm3[24,28)
2026-10-04 09:47:16,061 router INFO pipeline gen=3: vm2[0,19) -> vm3[19,28)
2026-10-04 09:47:56,468 router INFO pipeline gen=4: vm2[0,28)
2026-10-04 09:47:59,911 router INFO pipeline gen=5: vm2[0,18) -> vm3[18,28)
2026-10-04 09:48:22,034 router INFO app-level link telemetry -> 127.0.0.1:50053
2026-10-04 09:48:22,063 router INFO router: http :8080 grpc :50052 kv_cache=True
2026-10-04 09:48:23,921 router INFO pipeline gen=1: vm2[0,18) -> vm3[18,28)
2026-10-04 09:49:25,345 router INFO pipeline gen=2: vm2[0,27) -> vm3[27,28)
2026-10-04 09:51:27,428 router INFO pipeline gen=3: vm2[0,20) -> vm3[20,28)
2026-10-04 09:52:33,869 router INFO app-level link telemetry -> 127.0.0.1:50053
2026-10-04 09:52:33,878 router INFO router: http :8080 grpc :50052 kv_cache=True
2026-10-04 09:52:39,105 router INFO pipeline gen=1: vm2[0,18) -> vm3[18,28)
2026-10-04 09:56:38,277 router INFO app-level link telemetry -> 127.0.0.1:50053
2026-10-04 09:56:38,293 router INFO router: http :8080 grpc :50052 kv_cache=True
2026-10-04 09:56:40,158 router INFO pipeline gen=1: vm2[0,18) -> vm3[18,28)
2026-10-04 09:57:39,717 router INFO pipeline gen=2: vm2[0,24) -> vm3[24,28)
2026-10-04 09:59:41,692 router INFO pipeline gen=3: vm2[0,19) -> vm3[19,28)
2026-10-04 10:00:45,832 router INFO app-level link telemetry -> 127.0.0.1:50053
2026-10-04 10:00:45,843 router INFO router: http :8080 grpc :50052 kv_cache=True
2026-10-04 10:00:53,053 router INFO pipeline gen=1: vm2[0,18) -> vm3[18,28)
2026-10-04 10:05:03,620 router INFO app-level link telemetry -> 127.0.0.1:50053
2026-10-04 10:05:03,629 router INFO router: http :8080 grpc :50052 kv_cache=True
2026-10-04 10:05:05,517 router INFO pipeline gen=1: vm2[0,18) -> vm3[18,28)
2026-10-04 10:06:09,051 router INFO pipeline gen=2: vm2[0,26) -> vm3[26,28)
2026-10-04 10:08:09,008 router INFO pipeline gen=3: vm2[0,21) -> vm3[21,28)
2026-10-04 10:09:18,899 router INFO app-level link telemetry -> 127.0.0.1:50053
2026-10-04 10:09:18,910 router INFO router: http :8080 grpc :50052 kv_cache=True
2026-10-04 10:09:24,126 router INFO pipeline gen=1: vm2[0,18) -> vm3[18,28)
2026-10-04 10:10:25,477 router INFO pipeline gen=2: vm2[0,28)
2026-10-04 10:12:31,170 router INFO pipeline gen=3: vm2[0,18) -> vm3[18,28)
2026-10-04 10:13:34,787 router INFO app-level link telemetry -> 127.0.0.1:50053
2026-10-04 10:13:34,797 router INFO router: http :8080 grpc :50052 kv_cache=True
2026-10-04 10:13:36,676 router INFO pipeline gen=1: vm2[0,18) -> vm3[18,28)
2026-10-04 10:15:06,372 router ERROR generate failed
Traceback (most recent call last):
  File "/home/azureuser/ebpf-/worker/router.py", line 188, in _forward_chain
    reply = STATE.stub(stage.addr).Forward(req, timeout=120)
            ^^^^^^^^^^^^^^^^^^^^^^^^^^^^^^^^^^^^^^^^^^^^^^^^
  File "/home/azureuser/keinfer/venv/lib/python3.12/site-packages/grpc/_channel.py", line 1168, in __call__
    return _end_unary_response_blocking(state, call, False, None)
           ^^^^^^^^^^^^^^^^^^^^^^^^^^^^^^^^^^^^^^^^^^^^^^^^^^^^^^
  File "/home/azureuser/keinfer/venv/lib/python3.12/site-packages/grpc/_channel.py", line 999, in _end_unary_response_blocking
    raise _InactiveRpcError(state)  # pytype: disable=not-instantiable
    ^^^^^^^^^^^^^^^^^^^^^^^^^^^^^^
grpc._channel._InactiveRpcError: <_InactiveRpcError of RPC that terminated with:
	status = StatusCode.UNAVAILABLE
	details = "failed to connect to all addresses; last error: UNKNOWN: ipv4:10.10.1.5:50051: Failed to connect to remote host: Connection refused"
	debug_error_string = "UNAVAILABLE:failed to connect to all addresses; last error: UNKNOWN: ipv4:10.10.1.5:50051: Failed to connect to remote host: Connection refused"
>

During handling of the above exception, another exception occurred:

Traceback (most recent call last):
  File "/home/azureuser/ebpf-/worker/router.py", line 230, in generate
    reply = _forward_chain(stages, generation, request_id, step, first_ids)
            ^^^^^^^^^^^^^^^^^^^^^^^^^^^^^^^^^^^^^^^^^^^^^^^^^^^^^^^^^^^^^^^
  File "/home/azureuser/ebpf-/worker/router.py", line 190, in _forward_chain
    raise GenerationChanged(f"stage {stage.name} unreachable: {e.code()}")
GenerationChanged: stage vm3 unreachable: StatusCode.UNAVAILABLE

During handling of the above exception, another exception occurred:

Traceback (most recent call last):
  File "/home/azureuser/ebpf-/worker/router.py", line 358, in do_POST
    self._send(200, generate(input_ids, max_new_tokens))
                    ^^^^^^^^^^^^^^^^^^^^^^^^^^^^^^^^^^^
  File "/home/azureuser/ebpf-/worker/router.py", line 244, in generate
    raise RuntimeError(f"pipeline stuck: {e}")
RuntimeError: pipeline stuck: stage vm3 unreachable: StatusCode.UNAVAILABLE
2026-10-04 10:15:07,074 router ERROR generate failed
Traceback (most recent call last):
  File "/home/azureuser/ebpf-/worker/router.py", line 188, in _forward_chain
    reply = STATE.stub(stage.addr).Forward(req, timeout=120)
            ^^^^^^^^^^^^^^^^^^^^^^^^^^^^^^^^^^^^^^^^^^^^^^^^
  File "/home/azureuser/keinfer/venv/lib/python3.12/site-packages/grpc/_channel.py", line 1168, in __call__
    return _end_unary_response_blocking(state, call, False, None)
           ^^^^^^^^^^^^^^^^^^^^^^^^^^^^^^^^^^^^^^^^^^^^^^^^^^^^^^
  File "/home/azureuser/keinfer/venv/lib/python3.12/site-packages/grpc/_channel.py", line 999, in _end_unary_response_blocking
    raise _InactiveRpcError(state)  # pytype: disable=not-instantiable
    ^^^^^^^^^^^^^^^^^^^^^^^^^^^^^^
grpc._channel._InactiveRpcError: <_InactiveRpcError of RPC that terminated with:
	status = StatusCode.UNAVAILABLE
	details = "failed to connect to all addresses; last error: UNKNOWN: ipv4:10.10.1.5:50051: Failed to connect to remote host: Connection refused"
	debug_error_string = "UNAVAILABLE:failed to connect to all addresses; last error: UNKNOWN: ipv4:10.10.1.5:50051: Failed to connect to remote host: Connection refused"
>

During handling of the above exception, another exception occurred:

Traceback (most recent call last):
  File "/home/azureuser/ebpf-/worker/router.py", line 230, in generate
    reply = _forward_chain(stages, generation, request_id, step, first_ids)
            ^^^^^^^^^^^^^^^^^^^^^^^^^^^^^^^^^^^^^^^^^^^^^^^^^^^^^^^^^^^^^^^
  File "/home/azureuser/ebpf-/worker/router.py", line 190, in _forward_chain
    raise GenerationChanged(f"stage {stage.name} unreachable: {e.code()}")
GenerationChanged: stage vm3 unreachable: StatusCode.UNAVAILABLE

During handling of the above exception, another exception occurred:

Traceback (most recent call last):
  File "/home/azureuser/ebpf-/worker/router.py", line 358, in do_POST
    self._send(200, generate(input_ids, max_new_tokens))
                    ^^^^^^^^^^^^^^^^^^^^^^^^^^^^^^^^^^^
  File "/home/azureuser/ebpf-/worker/router.py", line 244, in generate
    raise RuntimeError(f"pipeline stuck: {e}")
RuntimeError: pipeline stuck: stage vm3 unreachable: StatusCode.UNAVAILABLE
2026-10-04 10:15:34,569 router ERROR generate failed
Traceback (most recent call last):
  File "/home/azureuser/ebpf-/worker/router.py", line 188, in _forward_chain
    reply = STATE.stub(stage.addr).Forward(req, timeout=120)
            ^^^^^^^^^^^^^^^^^^^^^^^^^^^^^^^^^^^^^^^^^^^^^^^^
  File "/home/azureuser/keinfer/venv/lib/python3.12/site-packages/grpc/_channel.py", line 1168, in __call__
    return _end_unary_response_blocking(state, call, False, None)
           ^^^^^^^^^^^^^^^^^^^^^^^^^^^^^^^^^^^^^^^^^^^^^^^^^^^^^^
  File "/home/azureuser/keinfer/venv/lib/python3.12/site-packages/grpc/_channel.py", line 999, in _end_unary_response_blocking
    raise _InactiveRpcError(state)  # pytype: disable=not-instantiable
    ^^^^^^^^^^^^^^^^^^^^^^^^^^^^^^
grpc._channel._InactiveRpcError: <_InactiveRpcError of RPC that terminated with:
	status = StatusCode.UNAVAILABLE
	details = "failed to connect to all addresses; last error: UNKNOWN: ipv4:10.10.1.5:50051: Failed to connect to remote host: Connection refused"
	debug_error_string = "UNAVAILABLE:failed to connect to all addresses; last error: UNKNOWN: ipv4:10.10.1.5:50051: Failed to connect to remote host: Connection refused"
>

During handling of the above exception, another exception occurred:

Traceback (most recent call last):
  File "/home/azureuser/ebpf-/worker/router.py", line 230, in generate
    reply = _forward_chain(stages, generation, request_id, step, first_ids)
            ^^^^^^^^^^^^^^^^^^^^^^^^^^^^^^^^^^^^^^^^^^^^^^^^^^^^^^^^^^^^^^^
  File "/home/azureuser/ebpf-/worker/router.py", line 190, in _forward_chain
    raise GenerationChanged(f"stage {stage.name} unreachable: {e.code()}")
GenerationChanged: stage vm3 unreachable: StatusCode.UNAVAILABLE

During handling of the above exception, another exception occurred:

Traceback (most recent call last):
  File "/home/azureuser/ebpf-/worker/router.py", line 358, in do_POST
    self._send(200, generate(input_ids, max_new_tokens))
                    ^^^^^^^^^^^^^^^^^^^^^^^^^^^^^^^^^^^
  File "/home/azureuser/ebpf-/worker/router.py", line 244, in generate
    raise RuntimeError(f"pipeline stuck: {e}")
RuntimeError: pipeline stuck: stage vm3 unreachable: StatusCode.UNAVAILABLE
2026-10-04 10:15:35,092 router ERROR generate failed
Traceback (most recent call last):
  File "/home/azureuser/ebpf-/worker/router.py", line 188, in _forward_chain
    reply = STATE.stub(stage.addr).Forward(req, timeout=120)
            ^^^^^^^^^^^^^^^^^^^^^^^^^^^^^^^^^^^^^^^^^^^^^^^^
  File "/home/azureuser/keinfer/venv/lib/python3.12/site-packages/grpc/_channel.py", line 1168, in __call__
    return _end_unary_response_blocking(state, call, False, None)
           ^^^^^^^^^^^^^^^^^^^^^^^^^^^^^^^^^^^^^^^^^^^^^^^^^^^^^^
  File "/home/azureuser/keinfer/venv/lib/python3.12/site-packages/grpc/_channel.py", line 999, in _end_unary_response_blocking
    raise _InactiveRpcError(state)  # pytype: disable=not-instantiable
    ^^^^^^^^^^^^^^^^^^^^^^^^^^^^^^
grpc._channel._InactiveRpcError: <_InactiveRpcError of RPC that terminated with:
	status = StatusCode.UNAVAILABLE
	details = "failed to connect to all addresses; last error: UNKNOWN: ipv4:10.10.1.5:50051: Failed to connect to remote host: Connection refused"
	debug_error_string = "UNAVAILABLE:failed to connect to all addresses; last error: UNKNOWN: ipv4:10.10.1.5:50051: Failed to connect to remote host: Connection refused"
>

During handling of the above exception, another exception occurred:

Traceback (most recent call last):
  File "/home/azureuser/ebpf-/worker/router.py", line 230, in generate
    reply = _forward_chain(stages, generation, request_id, step, first_ids)
            ^^^^^^^^^^^^^^^^^^^^^^^^^^^^^^^^^^^^^^^^^^^^^^^^^^^^^^^^^^^^^^^
  File "/home/azureuser/ebpf-/worker/router.py", line 190, in _forward_chain
    raise GenerationChanged(f"stage {stage.name} unreachable: {e.code()}")
GenerationChanged: stage vm3 unreachable: StatusCode.UNAVAILABLE

During handling of the above exception, another exception occurred:

Traceback (most recent call last):
  File "/home/azureuser/ebpf-/worker/router.py", line 358, in do_POST
    self._send(200, generate(input_ids, max_new_tokens))
                    ^^^^^^^^^^^^^^^^^^^^^^^^^^^^^^^^^^^
  File "/home/azureuser/ebpf-/worker/router.py", line 244, in generate
    raise RuntimeError(f"pipeline stuck: {e}")
RuntimeError: pipeline stuck: stage vm3 unreachable: StatusCode.UNAVAILABLE
2026-10-04 10:16:02,872 router ERROR generate failed
Traceback (most recent call last):
  File "/home/azureuser/ebpf-/worker/router.py", line 188, in _forward_chain
    reply = STATE.stub(stage.addr).Forward(req, timeout=120)
            ^^^^^^^^^^^^^^^^^^^^^^^^^^^^^^^^^^^^^^^^^^^^^^^^
  File "/home/azureuser/keinfer/venv/lib/python3.12/site-packages/grpc/_channel.py", line 1168, in __call__
    return _end_unary_response_blocking(state, call, False, None)
           ^^^^^^^^^^^^^^^^^^^^^^^^^^^^^^^^^^^^^^^^^^^^^^^^^^^^^^
  File "/home/azureuser/keinfer/venv/lib/python3.12/site-packages/grpc/_channel.py", line 999, in _end_unary_response_blocking
    raise _InactiveRpcError(state)  # pytype: disable=not-instantiable
    ^^^^^^^^^^^^^^^^^^^^^^^^^^^^^^
grpc._channel._InactiveRpcError: <_InactiveRpcError of RPC that terminated with:
	status = StatusCode.UNAVAILABLE
	details = "failed to connect to all addresses; last error: UNKNOWN: ipv4:10.10.1.5:50051: Failed to connect to remote host: Connection refused"
	debug_error_string = "UNAVAILABLE:failed to connect to all addresses; last error: UNKNOWN: ipv4:10.10.1.5:50051: Failed to connect to remote host: Connection refused"
>

During handling of the above exception, another exception occurred:

Traceback (most recent call last):
  File "/home/azureuser/ebpf-/worker/router.py", line 230, in generate
    reply = _forward_chain(stages, generation, request_id, step, first_ids)
            ^^^^^^^^^^^^^^^^^^^^^^^^^^^^^^^^^^^^^^^^^^^^^^^^^^^^^^^^^^^^^^^
  File "/home/azureuser/ebpf-/worker/router.py", line 190, in _forward_chain
    raise GenerationChanged(f"stage {stage.name} unreachable: {e.code()}")
GenerationChanged: stage vm3 unreachable: StatusCode.UNAVAILABLE

During handling of the above exception, another exception occurred:

Traceback (most recent call last):
  File "/home/azureuser/ebpf-/worker/router.py", line 358, in do_POST
    self._send(200, generate(input_ids, max_new_tokens))
                    ^^^^^^^^^^^^^^^^^^^^^^^^^^^^^^^^^^^
  File "/home/azureuser/ebpf-/worker/router.py", line 244, in generate
    raise RuntimeError(f"pipeline stuck: {e}")
RuntimeError: pipeline stuck: stage vm3 unreachable: StatusCode.UNAVAILABLE
2026-10-04 10:16:03,416 router ERROR generate failed
Traceback (most recent call last):
  File "/home/azureuser/ebpf-/worker/router.py", line 188, in _forward_chain
    reply = STATE.stub(stage.addr).Forward(req, timeout=120)
            ^^^^^^^^^^^^^^^^^^^^^^^^^^^^^^^^^^^^^^^^^^^^^^^^
  File "/home/azureuser/keinfer/venv/lib/python3.12/site-packages/grpc/_channel.py", line 1168, in __call__
    return _end_unary_response_blocking(state, call, False, None)
           ^^^^^^^^^^^^^^^^^^^^^^^^^^^^^^^^^^^^^^^^^^^^^^^^^^^^^^
  File "/home/azureuser/keinfer/venv/lib/python3.12/site-packages/grpc/_channel.py", line 999, in _end_unary_response_blocking
    raise _InactiveRpcError(state)  # pytype: disable=not-instantiable
    ^^^^^^^^^^^^^^^^^^^^^^^^^^^^^^
grpc._channel._InactiveRpcError: <_InactiveRpcError of RPC that terminated with:
	status = StatusCode.UNAVAILABLE
	details = "failed to connect to all addresses; last error: UNKNOWN: ipv4:10.10.1.5:50051: Failed to connect to remote host: Connection refused"
	debug_error_string = "UNAVAILABLE:failed to connect to all addresses; last error: UNKNOWN: ipv4:10.10.1.5:50051: Failed to connect to remote host: Connection refused"
>

During handling of the above exception, another exception occurred:

Traceback (most recent call last):
  File "/home/azureuser/ebpf-/worker/router.py", line 230, in generate
    reply = _forward_chain(stages, generation, request_id, step, first_ids)
            ^^^^^^^^^^^^^^^^^^^^^^^^^^^^^^^^^^^^^^^^^^^^^^^^^^^^^^^^^^^^^^^
  File "/home/azureuser/ebpf-/worker/router.py", line 190, in _forward_chain
    raise GenerationChanged(f"stage {stage.name} unreachable: {e.code()}")
GenerationChanged: stage vm3 unreachable: StatusCode.UNAVAILABLE

During handling of the above exception, another exception occurred:

Traceback (most recent call last):
  File "/home/azureuser/ebpf-/worker/router.py", line 358, in do_POST
    self._send(200, generate(input_ids, max_new_tokens))
                    ^^^^^^^^^^^^^^^^^^^^^^^^^^^^^^^^^^^
  File "/home/azureuser/ebpf-/worker/router.py", line 244, in generate
    raise RuntimeError(f"pipeline stuck: {e}")
RuntimeError: pipeline stuck: stage vm3 unreachable: StatusCode.UNAVAILABLE
2026-10-04 10:16:30,811 router ERROR generate failed
Traceback (most recent call last):
  File "/home/azureuser/ebpf-/worker/router.py", line 188, in _forward_chain
    reply = STATE.stub(stage.addr).Forward(req, timeout=120)
            ^^^^^^^^^^^^^^^^^^^^^^^^^^^^^^^^^^^^^^^^^^^^^^^^
  File "/home/azureuser/keinfer/venv/lib/python3.12/site-packages/grpc/_channel.py", line 1168, in __call__
    return _end_unary_response_blocking(state, call, False, None)
           ^^^^^^^^^^^^^^^^^^^^^^^^^^^^^^^^^^^^^^^^^^^^^^^^^^^^^^
  File "/home/azureuser/keinfer/venv/lib/python3.12/site-packages/grpc/_channel.py", line 999, in _end_unary_response_blocking
    raise _InactiveRpcError(state)  # pytype: disable=not-instantiable
    ^^^^^^^^^^^^^^^^^^^^^^^^^^^^^^
grpc._channel._InactiveRpcError: <_InactiveRpcError of RPC that terminated with:
	status = StatusCode.UNAVAILABLE
	details = "failed to connect to all addresses; last error: UNKNOWN: ipv4:10.10.1.5:50051: Failed to connect to remote host: Connection refused"
	debug_error_string = "UNAVAILABLE:failed to connect to all addresses; last error: UNKNOWN: ipv4:10.10.1.5:50051: Failed to connect to remote host: Connection refused"
>

During handling of the above exception, another exception occurred:

Traceback (most recent call last):
  File "/home/azureuser/ebpf-/worker/router.py", line 230, in generate
    reply = _forward_chain(stages, generation, request_id, step, first_ids)
            ^^^^^^^^^^^^^^^^^^^^^^^^^^^^^^^^^^^^^^^^^^^^^^^^^^^^^^^^^^^^^^^
  File "/home/azureuser/ebpf-/worker/router.py", line 190, in _forward_chain
    raise GenerationChanged(f"stage {stage.name} unreachable: {e.code()}")
GenerationChanged: stage vm3 unreachable: StatusCode.UNAVAILABLE

During handling of the above exception, another exception occurred:

Traceback (most recent call last):
  File "/home/azureuser/ebpf-/worker/router.py", line 358, in do_POST
    self._send(200, generate(input_ids, max_new_tokens))
                    ^^^^^^^^^^^^^^^^^^^^^^^^^^^^^^^^^^^
  File "/home/azureuser/ebpf-/worker/router.py", line 244, in generate
    raise RuntimeError(f"pipeline stuck: {e}")
RuntimeError: pipeline stuck: stage vm3 unreachable: StatusCode.UNAVAILABLE
2026-10-04 10:16:31,352 router ERROR generate failed
Traceback (most recent call last):
  File "/home/azureuser/ebpf-/worker/router.py", line 188, in _forward_chain
    reply = STATE.stub(stage.addr).Forward(req, timeout=120)
            ^^^^^^^^^^^^^^^^^^^^^^^^^^^^^^^^^^^^^^^^^^^^^^^^
  File "/home/azureuser/keinfer/venv/lib/python3.12/site-packages/grpc/_channel.py", line 1168, in __call__
    return _end_unary_response_blocking(state, call, False, None)
           ^^^^^^^^^^^^^^^^^^^^^^^^^^^^^^^^^^^^^^^^^^^^^^^^^^^^^^
  File "/home/azureuser/keinfer/venv/lib/python3.12/site-packages/grpc/_channel.py", line 999, in _end_unary_response_blocking
    raise _InactiveRpcError(state)  # pytype: disable=not-instantiable
    ^^^^^^^^^^^^^^^^^^^^^^^^^^^^^^
grpc._channel._InactiveRpcError: <_InactiveRpcError of RPC that terminated with:
	status = StatusCode.UNAVAILABLE
	details = "failed to connect to all addresses; last error: UNKNOWN: ipv4:10.10.1.5:50051: Failed to connect to remote host: Connection refused"
	debug_error_string = "UNAVAILABLE:failed to connect to all addresses; last error: UNKNOWN: ipv4:10.10.1.5:50051: Failed to connect to remote host: Connection refused"
>

During handling of the above exception, another exception occurred:

Traceback (most recent call last):
  File "/home/azureuser/ebpf-/worker/router.py", line 230, in generate
    reply = _forward_chain(stages, generation, request_id, step, first_ids)
            ^^^^^^^^^^^^^^^^^^^^^^^^^^^^^^^^^^^^^^^^^^^^^^^^^^^^^^^^^^^^^^^
  File "/home/azureuser/ebpf-/worker/router.py", line 190, in _forward_chain
    raise GenerationChanged(f"stage {stage.name} unreachable: {e.code()}")
GenerationChanged: stage vm3 unreachable: StatusCode.UNAVAILABLE

During handling of the above exception, another exception occurred:

Traceback (most recent call last):
  File "/home/azureuser/ebpf-/worker/router.py", line 358, in do_POST
    self._send(200, generate(input_ids, max_new_tokens))
                    ^^^^^^^^^^^^^^^^^^^^^^^^^^^^^^^^^^^
  File "/home/azureuser/ebpf-/worker/router.py", line 244, in generate
    raise RuntimeError(f"pipeline stuck: {e}")
RuntimeError: pipeline stuck: stage vm3 unreachable: StatusCode.UNAVAILABLE
2026-10-04 10:16:36,185 router ERROR generate failed
Traceback (most recent call last):
  File "/home/azureuser/ebpf-/worker/router.py", line 358, in do_POST
    self._send(200, generate(input_ids, max_new_tokens))
                    ^^^^^^^^^^^^^^^^^^^^^^^^^^^^^^^^^^^
  File "/home/azureuser/ebpf-/worker/router.py", line 230, in generate
    reply = _forward_chain(stages, generation, request_id, step, first_ids)
            ^^^^^^^^^^^^^^^^^^^^^^^^^^^^^^^^^^^^^^^^^^^^^^^^^^^^^^^^^^^^^^^
  File "/home/azureuser/ebpf-/worker/router.py", line 197, in _forward_chain
    raise RuntimeError(f"stage {stage.name}: {reply.error}")
RuntimeError: stage vm3: no layers assigned
2026-10-04 10:17:49,164 router INFO app-level link telemetry -> 127.0.0.1:50053
2026-10-04 10:17:49,176 router INFO router: http :8080 grpc :50052 kv_cache=True
2026-10-04 10:17:51,067 router INFO pipeline gen=1: vm2[0,18) -> vm3[18,28)
2026-10-04 10:19:20,967 router ERROR generate failed
Traceback (most recent call last):
  File "/home/azureuser/ebpf-/worker/router.py", line 188, in _forward_chain
    reply = STATE.stub(stage.addr).Forward(req, timeout=120)
            ^^^^^^^^^^^^^^^^^^^^^^^^^^^^^^^^^^^^^^^^^^^^^^^^
  File "/home/azureuser/keinfer/venv/lib/python3.12/site-packages/grpc/_channel.py", line 1168, in __call__
    return _end_unary_response_blocking(state, call, False, None)
           ^^^^^^^^^^^^^^^^^^^^^^^^^^^^^^^^^^^^^^^^^^^^^^^^^^^^^^
  File "/home/azureuser/keinfer/venv/lib/python3.12/site-packages/grpc/_channel.py", line 999, in _end_unary_response_blocking
    raise _InactiveRpcError(state)  # pytype: disable=not-instantiable
    ^^^^^^^^^^^^^^^^^^^^^^^^^^^^^^
grpc._channel._InactiveRpcError: <_InactiveRpcError of RPC that terminated with:
	status = StatusCode.UNAVAILABLE
	details = "failed to connect to all addresses; last error: UNKNOWN: ipv4:10.10.1.5:50051: Failed to connect to remote host: Connection refused"
	debug_error_string = "UNAVAILABLE:failed to connect to all addresses; last error: UNKNOWN: ipv4:10.10.1.5:50051: Failed to connect to remote host: Connection refused"
>

During handling of the above exception, another exception occurred:

Traceback (most recent call last):
  File "/home/azureuser/ebpf-/worker/router.py", line 230, in generate
    reply = _forward_chain(stages, generation, request_id, step, first_ids)
            ^^^^^^^^^^^^^^^^^^^^^^^^^^^^^^^^^^^^^^^^^^^^^^^^^^^^^^^^^^^^^^^
  File "/home/azureuser/ebpf-/worker/router.py", line 190, in _forward_chain
    raise GenerationChanged(f"stage {stage.name} unreachable: {e.code()}")
GenerationChanged: stage vm3 unreachable: StatusCode.UNAVAILABLE

During handling of the above exception, another exception occurred:

Traceback (most recent call last):
  File "/home/azureuser/ebpf-/worker/router.py", line 358, in do_POST
    self._send(200, generate(input_ids, max_new_tokens))
                    ^^^^^^^^^^^^^^^^^^^^^^^^^^^^^^^^^^^
  File "/home/azureuser/ebpf-/worker/router.py", line 244, in generate
    raise RuntimeError(f"pipeline stuck: {e}")
RuntimeError: pipeline stuck: stage vm3 unreachable: StatusCode.UNAVAILABLE
2026-10-04 10:19:21,665 router ERROR generate failed
Traceback (most recent call last):
  File "/home/azureuser/ebpf-/worker/router.py", line 188, in _forward_chain
    reply = STATE.stub(stage.addr).Forward(req, timeout=120)
            ^^^^^^^^^^^^^^^^^^^^^^^^^^^^^^^^^^^^^^^^^^^^^^^^
  File "/home/azureuser/keinfer/venv/lib/python3.12/site-packages/grpc/_channel.py", line 1168, in __call__
    return _end_unary_response_blocking(state, call, False, None)
           ^^^^^^^^^^^^^^^^^^^^^^^^^^^^^^^^^^^^^^^^^^^^^^^^^^^^^^
  File "/home/azureuser/keinfer/venv/lib/python3.12/site-packages/grpc/_channel.py", line 999, in _end_unary_response_blocking
    raise _InactiveRpcError(state)  # pytype: disable=not-instantiable
    ^^^^^^^^^^^^^^^^^^^^^^^^^^^^^^
grpc._channel._InactiveRpcError: <_InactiveRpcError of RPC that terminated with:
	status = StatusCode.UNAVAILABLE
	details = "failed to connect to all addresses; last error: UNKNOWN: ipv4:10.10.1.5:50051: Failed to connect to remote host: Connection refused"
	debug_error_string = "UNAVAILABLE:failed to connect to all addresses; last error: UNKNOWN: ipv4:10.10.1.5:50051: Failed to connect to remote host: Connection refused"
>

During handling of the above exception, another exception occurred:

Traceback (most recent call last):
  File "/home/azureuser/ebpf-/worker/router.py", line 230, in generate
    reply = _forward_chain(stages, generation, request_id, step, first_ids)
            ^^^^^^^^^^^^^^^^^^^^^^^^^^^^^^^^^^^^^^^^^^^^^^^^^^^^^^^^^^^^^^^
  File "/home/azureuser/ebpf-/worker/router.py", line 190, in _forward_chain
    raise GenerationChanged(f"stage {stage.name} unreachable: {e.code()}")
GenerationChanged: stage vm3 unreachable: StatusCode.UNAVAILABLE

During handling of the above exception, another exception occurred:

Traceback (most recent call last):
  File "/home/azureuser/ebpf-/worker/router.py", line 358, in do_POST
    self._send(200, generate(input_ids, max_new_tokens))
                    ^^^^^^^^^^^^^^^^^^^^^^^^^^^^^^^^^^^
  File "/home/azureuser/ebpf-/worker/router.py", line 244, in generate
    raise RuntimeError(f"pipeline stuck: {e}")
RuntimeError: pipeline stuck: stage vm3 unreachable: StatusCode.UNAVAILABLE
2026-10-04 10:19:49,331 router ERROR generate failed
Traceback (most recent call last):
  File "/home/azureuser/ebpf-/worker/router.py", line 188, in _forward_chain
    reply = STATE.stub(stage.addr).Forward(req, timeout=120)
            ^^^^^^^^^^^^^^^^^^^^^^^^^^^^^^^^^^^^^^^^^^^^^^^^
  File "/home/azureuser/keinfer/venv/lib/python3.12/site-packages/grpc/_channel.py", line 1168, in __call__
    return _end_unary_response_blocking(state, call, False, None)
           ^^^^^^^^^^^^^^^^^^^^^^^^^^^^^^^^^^^^^^^^^^^^^^^^^^^^^^
  File "/home/azureuser/keinfer/venv/lib/python3.12/site-packages/grpc/_channel.py", line 999, in _end_unary_response_blocking
    raise _InactiveRpcError(state)  # pytype: disable=not-instantiable
    ^^^^^^^^^^^^^^^^^^^^^^^^^^^^^^
grpc._channel._InactiveRpcError: <_InactiveRpcError of RPC that terminated with:
	status = StatusCode.UNAVAILABLE
	details = "failed to connect to all addresses; last error: UNKNOWN: ipv4:10.10.1.5:50051: Failed to connect to remote host: Connection refused"
	debug_error_string = "UNAVAILABLE:failed to connect to all addresses; last error: UNKNOWN: ipv4:10.10.1.5:50051: Failed to connect to remote host: Connection refused"
>

During handling of the above exception, another exception occurred:

Traceback (most recent call last):
  File "/home/azureuser/ebpf-/worker/router.py", line 230, in generate
    reply = _forward_chain(stages, generation, request_id, step, first_ids)
            ^^^^^^^^^^^^^^^^^^^^^^^^^^^^^^^^^^^^^^^^^^^^^^^^^^^^^^^^^^^^^^^
  File "/home/azureuser/ebpf-/worker/router.py", line 190, in _forward_chain
    raise GenerationChanged(f"stage {stage.name} unreachable: {e.code()}")
GenerationChanged: stage vm3 unreachable: StatusCode.UNAVAILABLE

During handling of the above exception, another exception occurred:

Traceback (most recent call last):
  File "/home/azureuser/ebpf-/worker/router.py", line 358, in do_POST
    self._send(200, generate(input_ids, max_new_tokens))
                    ^^^^^^^^^^^^^^^^^^^^^^^^^^^^^^^^^^^
  File "/home/azureuser/ebpf-/worker/router.py", line 244, in generate
    raise RuntimeError(f"pipeline stuck: {e}")
RuntimeError: pipeline stuck: stage vm3 unreachable: StatusCode.UNAVAILABLE
2026-10-04 10:19:49,870 router ERROR generate failed
Traceback (most recent call last):
  File "/home/azureuser/ebpf-/worker/router.py", line 188, in _forward_chain
    reply = STATE.stub(stage.addr).Forward(req, timeout=120)
            ^^^^^^^^^^^^^^^^^^^^^^^^^^^^^^^^^^^^^^^^^^^^^^^^
  File "/home/azureuser/keinfer/venv/lib/python3.12/site-packages/grpc/_channel.py", line 1168, in __call__
    return _end_unary_response_blocking(state, call, False, None)
           ^^^^^^^^^^^^^^^^^^^^^^^^^^^^^^^^^^^^^^^^^^^^^^^^^^^^^^
  File "/home/azureuser/keinfer/venv/lib/python3.12/site-packages/grpc/_channel.py", line 999, in _end_unary_response_blocking
    raise _InactiveRpcError(state)  # pytype: disable=not-instantiable
    ^^^^^^^^^^^^^^^^^^^^^^^^^^^^^^
grpc._channel._InactiveRpcError: <_InactiveRpcError of RPC that terminated with:
	status = StatusCode.UNAVAILABLE
	details = "failed to connect to all addresses; last error: UNKNOWN: ipv4:10.10.1.5:50051: Failed to connect to remote host: Connection refused"
	debug_error_string = "UNAVAILABLE:failed to connect to all addresses; last error: UNKNOWN: ipv4:10.10.1.5:50051: Failed to connect to remote host: Connection refused"
>

During handling of the above exception, another exception occurred:

Traceback (most recent call last):
  File "/home/azureuser/ebpf-/worker/router.py", line 230, in generate
    reply = _forward_chain(stages, generation, request_id, step, first_ids)
            ^^^^^^^^^^^^^^^^^^^^^^^^^^^^^^^^^^^^^^^^^^^^^^^^^^^^^^^^^^^^^^^
  File "/home/azureuser/ebpf-/worker/router.py", line 190, in _forward_chain
    raise GenerationChanged(f"stage {stage.name} unreachable: {e.code()}")
GenerationChanged: stage vm3 unreachable: StatusCode.UNAVAILABLE

During handling of the above exception, another exception occurred:

Traceback (most recent call last):
  File "/home/azureuser/ebpf-/worker/router.py", line 358, in do_POST
    self._send(200, generate(input_ids, max_new_tokens))
                    ^^^^^^^^^^^^^^^^^^^^^^^^^^^^^^^^^^^
  File "/home/azureuser/ebpf-/worker/router.py", line 244, in generate
    raise RuntimeError(f"pipeline stuck: {e}")
RuntimeError: pipeline stuck: stage vm3 unreachable: StatusCode.UNAVAILABLE
2026-10-04 10:20:17,801 router ERROR generate failed
Traceback (most recent call last):
  File "/home/azureuser/ebpf-/worker/router.py", line 188, in _forward_chain
    reply = STATE.stub(stage.addr).Forward(req, timeout=120)
            ^^^^^^^^^^^^^^^^^^^^^^^^^^^^^^^^^^^^^^^^^^^^^^^^
  File "/home/azureuser/keinfer/venv/lib/python3.12/site-packages/grpc/_channel.py", line 1168, in __call__
    return _end_unary_response_blocking(state, call, False, None)
           ^^^^^^^^^^^^^^^^^^^^^^^^^^^^^^^^^^^^^^^^^^^^^^^^^^^^^^
  File "/home/azureuser/keinfer/venv/lib/python3.12/site-packages/grpc/_channel.py", line 999, in _end_unary_response_blocking
    raise _InactiveRpcError(state)  # pytype: disable=not-instantiable
    ^^^^^^^^^^^^^^^^^^^^^^^^^^^^^^
grpc._channel._InactiveRpcError: <_InactiveRpcError of RPC that terminated with:
	status = StatusCode.UNAVAILABLE
	details = "failed to connect to all addresses; last error: UNKNOWN: ipv4:10.10.1.5:50051: Failed to connect to remote host: Connection refused"
	debug_error_string = "UNAVAILABLE:failed to connect to all addresses; last error: UNKNOWN: ipv4:10.10.1.5:50051: Failed to connect to remote host: Connection refused"
>

During handling of the above exception, another exception occurred:

Traceback (most recent call last):
  File "/home/azureuser/ebpf-/worker/router.py", line 230, in generate
    reply = _forward_chain(stages, generation, request_id, step, first_ids)
            ^^^^^^^^^^^^^^^^^^^^^^^^^^^^^^^^^^^^^^^^^^^^^^^^^^^^^^^^^^^^^^^
  File "/home/azureuser/ebpf-/worker/router.py", line 190, in _forward_chain
    raise GenerationChanged(f"stage {stage.name} unreachable: {e.code()}")
GenerationChanged: stage vm3 unreachable: StatusCode.UNAVAILABLE

During handling of the above exception, another exception occurred:

Traceback (most recent call last):
  File "/home/azureuser/ebpf-/worker/router.py", line 358, in do_POST
    self._send(200, generate(input_ids, max_new_tokens))
                    ^^^^^^^^^^^^^^^^^^^^^^^^^^^^^^^^^^^
  File "/home/azureuser/ebpf-/worker/router.py", line 244, in generate
    raise RuntimeError(f"pipeline stuck: {e}")
RuntimeError: pipeline stuck: stage vm3 unreachable: StatusCode.UNAVAILABLE
2026-10-04 10:20:18,351 router ERROR generate failed
Traceback (most recent call last):
  File "/home/azureuser/ebpf-/worker/router.py", line 188, in _forward_chain
    reply = STATE.stub(stage.addr).Forward(req, timeout=120)
            ^^^^^^^^^^^^^^^^^^^^^^^^^^^^^^^^^^^^^^^^^^^^^^^^
  File "/home/azureuser/keinfer/venv/lib/python3.12/site-packages/grpc/_channel.py", line 1168, in __call__
    return _end_unary_response_blocking(state, call, False, None)
           ^^^^^^^^^^^^^^^^^^^^^^^^^^^^^^^^^^^^^^^^^^^^^^^^^^^^^^
  File "/home/azureuser/keinfer/venv/lib/python3.12/site-packages/grpc/_channel.py", line 999, in _end_unary_response_blocking
    raise _InactiveRpcError(state)  # pytype: disable=not-instantiable
    ^^^^^^^^^^^^^^^^^^^^^^^^^^^^^^
grpc._channel._InactiveRpcError: <_InactiveRpcError of RPC that terminated with:
	status = StatusCode.UNAVAILABLE
	details = "failed to connect to all addresses; last error: UNKNOWN: ipv4:10.10.1.5:50051: Failed to connect to remote host: Connection refused"
	debug_error_string = "UNAVAILABLE:failed to connect to all addresses; last error: UNKNOWN: ipv4:10.10.1.5:50051: Failed to connect to remote host: Connection refused"
>

During handling of the above exception, another exception occurred:

Traceback (most recent call last):
  File "/home/azureuser/ebpf-/worker/router.py", line 230, in generate
    reply = _forward_chain(stages, generation, request_id, step, first_ids)
            ^^^^^^^^^^^^^^^^^^^^^^^^^^^^^^^^^^^^^^^^^^^^^^^^^^^^^^^^^^^^^^^
  File "/home/azureuser/ebpf-/worker/router.py", line 190, in _forward_chain
    raise GenerationChanged(f"stage {stage.name} unreachable: {e.code()}")
GenerationChanged: stage vm3 unreachable: StatusCode.UNAVAILABLE

During handling of the above exception, another exception occurred:

Traceback (most recent call last):
  File "/home/azureuser/ebpf-/worker/router.py", line 358, in do_POST
    self._send(200, generate(input_ids, max_new_tokens))
                    ^^^^^^^^^^^^^^^^^^^^^^^^^^^^^^^^^^^
  File "/home/azureuser/ebpf-/worker/router.py", line 244, in generate
    raise RuntimeError(f"pipeline stuck: {e}")
RuntimeError: pipeline stuck: stage vm3 unreachable: StatusCode.UNAVAILABLE
2026-10-04 10:20:45,954 router ERROR generate failed
Traceback (most recent call last):
  File "/home/azureuser/ebpf-/worker/router.py", line 188, in _forward_chain
    reply = STATE.stub(stage.addr).Forward(req, timeout=120)
            ^^^^^^^^^^^^^^^^^^^^^^^^^^^^^^^^^^^^^^^^^^^^^^^^
  File "/home/azureuser/keinfer/venv/lib/python3.12/site-packages/grpc/_channel.py", line 1168, in __call__
    return _end_unary_response_blocking(state, call, False, None)
           ^^^^^^^^^^^^^^^^^^^^^^^^^^^^^^^^^^^^^^^^^^^^^^^^^^^^^^
  File "/home/azureuser/keinfer/venv/lib/python3.12/site-packages/grpc/_channel.py", line 999, in _end_unary_response_blocking
    raise _InactiveRpcError(state)  # pytype: disable=not-instantiable
    ^^^^^^^^^^^^^^^^^^^^^^^^^^^^^^
grpc._channel._InactiveRpcError: <_InactiveRpcError of RPC that terminated with:
	status = StatusCode.UNAVAILABLE
	details = "failed to connect to all addresses; last error: UNKNOWN: ipv4:10.10.1.5:50051: Failed to connect to remote host: Connection refused"
	debug_error_string = "UNAVAILABLE:failed to connect to all addresses; last error: UNKNOWN: ipv4:10.10.1.5:50051: Failed to connect to remote host: Connection refused"
>

During handling of the above exception, another exception occurred:

Traceback (most recent call last):
  File "/home/azureuser/ebpf-/worker/router.py", line 230, in generate
    reply = _forward_chain(stages, generation, request_id, step, first_ids)
            ^^^^^^^^^^^^^^^^^^^^^^^^^^^^^^^^^^^^^^^^^^^^^^^^^^^^^^^^^^^^^^^
  File "/home/azureuser/ebpf-/worker/router.py", line 190, in _forward_chain
    raise GenerationChanged(f"stage {stage.name} unreachable: {e.code()}")
GenerationChanged: stage vm3 unreachable: StatusCode.UNAVAILABLE

During handling of the above exception, another exception occurred:

Traceback (most recent call last):
  File "/home/azureuser/ebpf-/worker/router.py", line 358, in do_POST
    self._send(200, generate(input_ids, max_new_tokens))
                    ^^^^^^^^^^^^^^^^^^^^^^^^^^^^^^^^^^^
  File "/home/azureuser/ebpf-/worker/router.py", line 244, in generate
    raise RuntimeError(f"pipeline stuck: {e}")
RuntimeError: pipeline stuck: stage vm3 unreachable: StatusCode.UNAVAILABLE
2026-10-04 10:20:46,497 router ERROR generate failed
Traceback (most recent call last):
  File "/home/azureuser/ebpf-/worker/router.py", line 188, in _forward_chain
    reply = STATE.stub(stage.addr).Forward(req, timeout=120)
            ^^^^^^^^^^^^^^^^^^^^^^^^^^^^^^^^^^^^^^^^^^^^^^^^
  File "/home/azureuser/keinfer/venv/lib/python3.12/site-packages/grpc/_channel.py", line 1168, in __call__
    return _end_unary_response_blocking(state, call, False, None)
           ^^^^^^^^^^^^^^^^^^^^^^^^^^^^^^^^^^^^^^^^^^^^^^^^^^^^^^
  File "/home/azureuser/keinfer/venv/lib/python3.12/site-packages/grpc/_channel.py", line 999, in _end_unary_response_blocking
    raise _InactiveRpcError(state)  # pytype: disable=not-instantiable
    ^^^^^^^^^^^^^^^^^^^^^^^^^^^^^^
grpc._channel._InactiveRpcError: <_InactiveRpcError of RPC that terminated with:
	status = StatusCode.UNAVAILABLE
	details = "failed to connect to all addresses; last error: UNKNOWN: ipv4:10.10.1.5:50051: Failed to connect to remote host: Connection refused"
	debug_error_string = "UNAVAILABLE:failed to connect to all addresses; last error: UNKNOWN: ipv4:10.10.1.5:50051: Failed to connect to remote host: Connection refused"
>

During handling of the above exception, another exception occurred:

Traceback (most recent call last):
  File "/home/azureuser/ebpf-/worker/router.py", line 230, in generate
    reply = _forward_chain(stages, generation, request_id, step, first_ids)
            ^^^^^^^^^^^^^^^^^^^^^^^^^^^^^^^^^^^^^^^^^^^^^^^^^^^^^^^^^^^^^^^
  File "/home/azureuser/ebpf-/worker/router.py", line 190, in _forward_chain
    raise GenerationChanged(f"stage {stage.name} unreachable: {e.code()}")
GenerationChanged: stage vm3 unreachable: StatusCode.UNAVAILABLE

During handling of the above exception, another exception occurred:

Traceback (most recent call last):
  File "/home/azureuser/ebpf-/worker/router.py", line 358, in do_POST
    self._send(200, generate(input_ids, max_new_tokens))
                    ^^^^^^^^^^^^^^^^^^^^^^^^^^^^^^^^^^^
  File "/home/azureuser/ebpf-/worker/router.py", line 244, in generate
    raise RuntimeError(f"pipeline stuck: {e}")
RuntimeError: pipeline stuck: stage vm3 unreachable: StatusCode.UNAVAILABLE
2026-10-04 10:20:50,253 router ERROR generate failed
Traceback (most recent call last):
  File "/home/azureuser/ebpf-/worker/router.py", line 358, in do_POST
    self._send(200, generate(input_ids, max_new_tokens))
                    ^^^^^^^^^^^^^^^^^^^^^^^^^^^^^^^^^^^
  File "/home/azureuser/ebpf-/worker/router.py", line 230, in generate
    reply = _forward_chain(stages, generation, request_id, step, first_ids)
            ^^^^^^^^^^^^^^^^^^^^^^^^^^^^^^^^^^^^^^^^^^^^^^^^^^^^^^^^^^^^^^^
  File "/home/azureuser/ebpf-/worker/router.py", line 197, in _forward_chain
    raise RuntimeError(f"stage {stage.name}: {reply.error}")
RuntimeError: stage vm3: no layers assigned
2026-10-04 10:20:50,804 router ERROR generate failed
Traceback (most recent call last):
  File "/home/azureuser/ebpf-/worker/router.py", line 358, in do_POST
    self._send(200, generate(input_ids, max_new_tokens))
                    ^^^^^^^^^^^^^^^^^^^^^^^^^^^^^^^^^^^
  File "/home/azureuser/ebpf-/worker/router.py", line 230, in generate
    reply = _forward_chain(stages, generation, request_id, step, first_ids)
            ^^^^^^^^^^^^^^^^^^^^^^^^^^^^^^^^^^^^^^^^^^^^^^^^^^^^^^^^^^^^^^^
  File "/home/azureuser/ebpf-/worker/router.py", line 197, in _forward_chain
    raise RuntimeError(f"stage {stage.name}: {reply.error}")
RuntimeError: stage vm3: no layers assigned
2026-10-04 10:22:03,356 router INFO app-level link telemetry -> 127.0.0.1:50053
2026-10-04 10:22:03,366 router INFO router: http :8080 grpc :50052 kv_cache=True
2026-10-04 10:22:08,617 router INFO pipeline gen=1: vm2[0,19) -> vm3[19,28)
2026-10-04 10:23:11,488 router INFO pipeline gen=2: vm2[0,28)
2026-10-04 10:25:15,433 router INFO pipeline gen=3: vm2[0,18) -> vm3[18,28)
2026-10-04 10:26:22,650 router INFO app-level link telemetry -> 127.0.0.1:50053
2026-10-04 10:26:22,660 router INFO router: http :8080 grpc :50052 kv_cache=True
2026-10-04 10:26:27,973 router INFO pipeline gen=1: vm2[0,19) -> vm3[19,28)
2026-10-04 10:27:29,342 router INFO pipeline gen=2: vm2[0,28)
2026-10-04 10:29:34,606 router INFO pipeline gen=3: vm2[0,18) -> vm3[18,28)
2026-10-04 10:30:39,959 router INFO app-level link telemetry -> 127.0.0.1:50053
2026-10-04 10:30:39,972 router INFO router: http :8080 grpc :50052 kv_cache=True
2026-10-04 10:30:43,802 router INFO pipeline gen=1: vm2[0,28)
2026-10-04 10:30:47,261 router INFO pipeline gen=2: vm2[0,19) -> vm3[19,28)
2026-10-04 10:31:48,510 router INFO pipeline gen=3: vm2[0,28)
2026-10-04 10:33:54,056 router INFO pipeline gen=4: vm2[0,18) -> vm3[18,28)
2026-10-04 10:35:05,826 router INFO pipeline gen=5: vm2[0,28)
2026-10-04 10:35:09,830 router INFO app-level link telemetry -> 127.0.0.1:50053
2026-10-04 10:35:09,846 router INFO router: http :8080 grpc :50052 kv_cache=True
2026-10-04 10:35:11,681 router INFO pipeline gen=1: vm2[0,28)
2026-10-04 10:39:31,340 router INFO app-level link telemetry -> 127.0.0.1:50053
2026-10-04 10:39:31,350 router INFO router: http :8080 grpc :50052 kv_cache=True
2026-10-04 10:39:33,227 router INFO pipeline gen=1: vm2[0,28)
2026-10-04 10:43:51,091 router INFO app-level link telemetry -> 127.0.0.1:50053
2026-10-04 10:43:51,113 router INFO router: http :8080 grpc :50052 kv_cache=True
2026-10-04 10:43:52,978 router INFO pipeline gen=1: vm2[0,28)
