06:16:08 690 0
06:16:13 1005 0
06:16:18 517 0
06:16:23 517 0
06:16:28 666 0
06:16:33 2189 0
06:16:38 3474 0
06:16:43 3351 0
06:16:48 3375 0
06:16:53 3305 0
06:16:58 3394 0
06:17:03 3495 0
06:17:08 3673 0
06:17:13 3664 0
06:17:18 3657 0
06:17:23 3648 0
06:17:29 3651 0
06:17:34 3651 0
06:17:39 3791 0
06:17:44 3835 0
06:17:49 3964 0
06:17:54 4000 0
06:17:59 4154 0
06:18:04 4208 0
06:18:09 4208 0
06:18:14 4244 0
06:18:19 4225 0
06:18:24 4237 0
06:18:29 4237 0
06:18:34 4249 0
06:18:39 4252 0
06:18:44 4244 0
06:18:49 4242 0
06:18:54 4246 0
06:18:59 4382 0
06:19:04 4549 0
06:19:09 4537 0
06:19:14 4543 0
06:19:19 4752 0
06:19:24 4934 0
06:19:29 5025 0
06:19:34 5025 0
06:19:39 5087 0
06:19:44 5226 0
06:19:49 5425 0
06:19:54 5388 0
06:19:59 5388 0
06:20:04 5372 0
06:20:09 5373 0
06:20:14 5397 0
06:20:19 5388 0
06:20:24 5381 0
06:20:29 5406 0
06:20:34 5393 0
06:20:39 5387 0
06:20:44 5392 0
06:20:49 5393 0
06:20:54 5389 0
06:20:59 5393 0
06:21:04 5400 0
06:21:09 5400 0
06:21:14 5397 0
06:21:19 5355 0
06:21:25 3661 0
06:21:30 813 0
06:21:35 666 0
06:21:40 586 0
06:21:45 550 0
06:21:50 517 0
06:21:55 517 0
06:22:00 517 0
06:22:05 517 0
06:22:10 517 0
06:22:15 517 0
