Resuming 44 completed scheduled runs, epoch 1
r=1 unsplit-2t C=32 Q=8: 5.026 TPS failures=0
r=1 unsplit-2t C=128 Q=2: 3.651 TPS failures=0
r=1 unsplit-2t C=128 Q=4: 3.673 TPS failures=0
r=1 unsplit-2t C=128 Q=1: 3.594 TPS failures=0
r=1 pipeline-2x1t C=32 Q=4: 7.629 TPS failures=0
r=1 pipeline-2x1t C=128 Q=4: 5.029 TPS failures=0
r=1 pipeline-2x1t C=128 Q=1: 4.058 TPS failures=0
r=1 pipeline-2x1t C=32 Q=2: 7.570 TPS failures=0
r=1 pipeline-2x1t C=128 Q=2: 4.933 TPS failures=0
r=1 pipeline-2x1t C=128 Q=8: 5.086 TPS failures=0
r=1 pipeline-2x1t C=32 Q=8: 7.686 TPS failures=0
r=1 pipeline-2x1t C=32 Q=1: 5.927 TPS failures=0
r=1 unsplit-1t C=32 Q=1: 6.216 TPS failures=0
r=1 unsplit-1t C=128 Q=1: 4.287 TPS failures=0
r=1 unsplit-1t C=32 Q=2: 6.272 TPS failures=0
r=1 unsplit-1t C=128 Q=8: 4.239 TPS failures=0
r=1 unsplit-1t C=128 Q=2: 4.154 TPS failures=0
r=1 unsplit-1t C=32 Q=4: 6.184 TPS failures=0
r=1 unsplit-1t C=32 Q=8: 6.206 TPS failures=0
r=1 unsplit-1t C=128 Q=4: 4.216 TPS failures=0
r=2 unsplit-1t C=128 Q=1: 4.216 TPS failures=0
r=2 unsplit-1t C=32 Q=8: 6.121 TPS failures=0
r=2 unsplit-1t C=32 Q=1: 6.044 TPS failures=0
r=2 unsplit-1t C=128 Q=2: 4.002 TPS failures=0
r=2 unsplit-1t C=32 Q=4: 6.127 TPS failures=0
r=2 unsplit-1t C=128 Q=8: 4.157 TPS failures=0
r=2 unsplit-1t C=128 Q=4: 4.181 TPS failures=0
r=2 unsplit-1t C=32 Q=2: 6.198 TPS failures=0
r=2 replicas-2x1t C=32 Q=4: 7.989 TPS failures=0
r=2 replicas-2x1t C=128 Q=4: 5.194 TPS failures=0
r=2 replicas-2x1t C=128 Q=2: 5.202 TPS failures=0
r=2 replicas-2x1t C=32 Q=2: 7.834 TPS failures=0
r=2 replicas-2x1t C=128 Q=1: 4.115 TPS failures=0
r=2 replicas-2x1t C=128 Q=8: 4.480 TPS failures=0
r=2 replicas-2x1t C=32 Q=8: 6.718 TPS failures=0
r=2 replicas-2x1t C=32 Q=1: 5.219 TPS failures=0
r=2 pipeline-2x1t C=128 Q=4: 4.593 TPS failures=0
r=2 pipeline-2x1t C=32 Q=1: 5.512 TPS failures=0
r=2 pipeline-2x1t C=32 Q=8: 7.147 TPS failures=0
r=2 pipeline-2x1t C=128 Q=2: 4.758 TPS failures=0
r=2 pipeline-2x1t C=128 Q=8: 4.723 TPS failures=0
r=2 pipeline-2x1t C=32 Q=2: 7.350 TPS failures=0
r=2 pipeline-2x1t C=32 Q=4: 7.486 TPS failures=0
r=2 pipeline-2x1t C=128 Q=1: 4.007 TPS failures=0
r=2 unsplit-2t C=32 Q=2: 4.827 TPS failures=0
r=2 unsplit-2t C=32 Q=8: 4.765 TPS failures=0
r=2 unsplit-2t C=128 Q=1: 3.401 TPS failures=0
r=2 unsplit-2t C=128 Q=4: 3.544 TPS failures=0
r=2 unsplit-2t C=128 Q=8: 3.300 TPS failures=0
r=2 unsplit-2t C=128 Q=2: 3.149 TPS failures=0
r=2 unsplit-2t C=32 Q=4: 4.242 TPS failures=0
r=2 unsplit-2t C=32 Q=1: 4.203 TPS failures=0
r=3 replicas-2x1t C=32 Q=1: 5.403 TPS failures=0
r=3 replicas-2x1t C=32 Q=4: 7.305 TPS failures=0
r=3 replicas-2x1t C=128 Q=4: 4.768 TPS failures=0
r=3 replicas-2x1t C=128 Q=1: 3.646 TPS failures=0
r=3 replicas-2x1t C=32 Q=8: 6.495 TPS failures=0
r=3 replicas-2x1t C=128 Q=8: 4.642 TPS failures=0
r=3 replicas-2x1t C=32 Q=2: 6.975 TPS failures=0
r=3 replicas-2x1t C=128 Q=2: 4.773 TPS failures=0
r=3 unsplit-1t C=32 Q=4: 5.069 TPS failures=0
r=3 unsplit-1t C=128 Q=1: 3.495 TPS failures=0
r=3 unsplit-1t C=128 Q=8: 3.740 TPS failures=0
r=3 unsplit-1t C=128 Q=2: 3.718 TPS failures=0
r=3 unsplit-1t C=128 Q=4: 3.648 TPS failures=0
r=3 unsplit-1t C=32 Q=2: 5.128 TPS failures=0
r=3 unsplit-1t C=32 Q=1: 5.278 TPS failures=0
r=3 unsplit-1t C=32 Q=8: 5.323 TPS failures=0
r=3 unsplit-2t C=128 Q=4: 3.315 TPS failures=0
r=3 unsplit-2t C=32 Q=1: 4.129 TPS failures=0
r=3 unsplit-2t C=32 Q=8: 4.524 TPS failures=0
r=3 unsplit-2t C=32 Q=4: 4.541 TPS failures=0
r=3 unsplit-2t C=32 Q=2: 4.720 TPS failures=0
r=3 unsplit-2t C=128 Q=1: 3.427 TPS failures=0
r=3 unsplit-2t C=128 Q=8: 3.604 TPS failures=0
r=3 unsplit-2t C=128 Q=2: 3.541 TPS failures=0
r=3 pipeline-2x1t C=128 Q=1: 4.142 TPS failures=0
r=3 pipeline-2x1t C=32 Q=1: 5.915 TPS failures=0
r=3 pipeline-2x1t C=128 Q=2: 5.034 TPS failures=0
r=3 pipeline-2x1t C=32 Q=8: 7.793 TPS failures=0
r=3 pipeline-2x1t C=32 Q=4: 7.817 TPS failures=0
r=3 pipeline-2x1t C=128 Q=8: 5.111 TPS failures=0
r=3 pipeline-2x1t C=128 Q=4: 5.099 TPS failures=0
r=3 pipeline-2x1t C=32 Q=2: 7.680 TPS failures=0
r=4 pipeline-2x1t C=128 Q=4: 5.115 TPS failures=0
Resuming 129 completed scheduled runs, epoch 2
Traceback (most recent call last):
  File "/workspaces/ebpf-/bench/local_publication.py", line 357, in <module>
    main()
  File "/workspaces/ebpf-/bench/local_publication.py", line 323, in main
    with Runtime(mode, args.model, directory, cpus, args.base_port) as runtime:
  File "/workspaces/ebpf-/bench/local_publication.py", line 145, in __enter__
    return self.start()
           ^^^^^^^^^^^^
  File "/workspaces/ebpf-/bench/local_publication.py", line 107, in start
    raise RuntimeError(f"runtime exited {process.returncode}; see {self.directory}")
RuntimeError: runtime exited -15; see results/publication-2026-10-07/main/r04-pipeline-2x1t-epoch2
